[      72ms] [INFO] %cDownload the React DevTools for a better development experience: https://react.dev/link/react-devtools font-weight:bold @ http://localhost:5174/node_modules/.vite/deps/react-dom_client.js?v=0e182bc0:14336
[     127ms] [ERROR] Failed to load resource: the server responded with a status of 404 (Not Found) @ http://localhost:5174/api/orders/confirmation:0
[     136ms] Error: GET /orders/confirmation → 404
    at request (http://localhost:5174/src/lib/api.js:9:21)
[     150ms] [ERROR] Failed to load resource: the server responded with a status of 404 (Not Found) @ http://localhost:5174/api/orders/confirmation:0
[     153ms] Error: GET /orders/confirmation → 404
    at request (http://localhost:5174/src/lib/api.js:9:21)
[ 1086390ms] ReferenceError: CATEGORY_CONFIG is not defined
    at CategoryCard (http://localhost:5174/src/components/MenuList.jsx?t=1776762262302:106:17)
    at Object.react_stack_bottom_frame (http://localhost:5174/node_modules/.vite/deps/react-dom_client.js?v=0e182bc0:12867:12)
    at renderWithHooks (http://localhost:5174/node_modules/.vite/deps/react-dom_client.js?v=0e182bc0:4212:19)
    at updateFunctionComponent (http://localhost:5174/node_modules/.vite/deps/react-dom_client.js?v=0e182bc0:5568:16)
    at beginWork (http://localhost:5174/node_modules/.vite/deps/react-dom_client.js?v=0e182bc0:6139:20)
    at runWithFiberInDEV (http://localhost:5174/node_modules/.vite/deps/react-dom_client.js?v=0e182bc0:850:66)
    at performUnitOfWork (http://localhost:5174/node_modules/.vite/deps/react-dom_client.js?v=0e182bc0:8428:92)
    at workLoopSync (http://localhost:5174/node_modules/.vite/deps/react-dom_client.js?v=0e182bc0:8324:37)
    at renderRootSync (http://localhost:5174/node_modules/.vite/deps/react-dom_client.js?v=0e182bc0:8308:6)
    at performWorkOnRoot (http://localhost:5174/node_modules/.vite/deps/react-dom_client.js?v=0e182bc0:7993:27)
[ 1086373ms] [WARNING] %s

%s
 An error occurred in the <CategoryCard> component. Consider adding an error boundary to your tree to customize error handling behavior.
Visit https://react.dev/link/error-boundaries to learn more about error boundaries. @ http://localhost:5174/@vite/client:509
[ 1091843ms] [ERROR] Failed to load resource: the server responded with a status of 404 (Not Found) @ http://localhost:5174/api/orders/confirmation:0
[ 1091855ms] Error: GET /orders/confirmation → 404
    at request (http://localhost:5174/src/lib/api.js:9:21)
[ 1091864ms] [ERROR] Failed to load resource: the server responded with a status of 404 (Not Found) @ http://localhost:5174/api/orders/confirmation:0
[ 1091873ms] Error: GET /orders/confirmation → 404
    at request (http://localhost:5174/src/lib/api.js:9:21)
